{"run_log": "C:\\Users\\To the moon\\Downloads\\new_crypto_prodsafe\\logs\\run_20250917_235858.log", "rotating_log": "C:\\Users\\To the moon\\Downloads\\new_crypto_prodsafe\\logs\\app.log", "event": "Logging initialized", "timestamp": "2025-09-17T21:58:58.468508Z", "level": "info"}
{"mode": "scheduler", "enable_sched": true, "sched_cfg": "scheduler/jobs.yaml", "event": "Starting Crypto Monitor", "timestamp": "2025-09-17T21:58:58.473504Z", "level": "info"}
Adding job tentatively -- it will be properly scheduled when the scheduler starts
{"id": "macro", "every": 300.0, "func": "pipeline.collectors.market:fetch_macro", "args": ["bitcoin"], "kwargs": ["cmc_api_key"], "event": "job_registered", "timestamp": "2025-09-17T21:58:58.532053Z", "level": "info"}
Adding job tentatively -- it will be properly scheduled when the scheduler starts
{"id": "defillama", "every": 900.0, "func": "pipeline.collectors.defillama:fetch_defillama_tvl", "args": ["ethereum"], "kwargs": [], "event": "job_registered", "timestamp": "2025-09-17T21:58:58.534053Z", "level": "info"}
Adding job tentatively -- it will be properly scheduled when the scheduler starts
{"id": "onchain_tx", "every": 1800.0, "func": "pipeline.collectors.onchain:fetch_txcount", "args": ["BTC"], "kwargs": ["etherscan_api_key"], "event": "job_registered", "timestamp": "2025-09-17T21:58:58.536052Z", "level": "info"}
Adding job tentatively -- it will be properly scheduled when the scheduler starts
{"id": "onchain_hashrate", "every": 1800.0, "func": "pipeline.collectors.onchain:fetch_hashrate", "args": ["BTC"], "kwargs": [], "event": "job_registered", "timestamp": "2025-09-17T21:58:58.537053Z", "level": "info"}
Adding job tentatively -- it will be properly scheduled when the scheduler starts
{"id": "onchain_sopr", "every": 1800.0, "func": "pipeline.collectors.onchain:fetch_sopr", "args": ["BTC"], "kwargs": [], "event": "job_registered", "timestamp": "2025-09-17T21:58:58.539046Z", "level": "info"}
Adding job tentatively -- it will be properly scheduled when the scheduler starts
{"id": "derivatives_oi", "every": 300.0, "func": "pipeline.collectors.derivatives:fetch_bybit_oi", "args": ["BTCUSDT"], "kwargs": [], "event": "job_registered", "timestamp": "2025-09-17T21:58:58.540051Z", "level": "info"}
Adding job tentatively -- it will be properly scheduled when the scheduler starts
{"id": "derivatives_lsr", "every": 300.0, "func": "pipeline.collectors.derivatives:fetch_bybit_long_short_ratio", "args": ["BTCUSDT"], "kwargs": [], "event": "job_registered", "timestamp": "2025-09-17T21:58:58.541047Z", "level": "info"}
Adding job tentatively -- it will be properly scheduled when the scheduler starts
{"id": "sentiment_fg", "every": 3600.0, "func": "pipeline.collectors.sentiment:fetch_fear_greed", "args": [], "kwargs": [], "event": "job_registered", "timestamp": "2025-09-17T21:58:58.542047Z", "level": "info"}
Added job "task_wrapper" to job store "default"
Added job "task_wrapper" to job store "default"
Added job "task_wrapper" to job store "default"
Added job "task_wrapper" to job store "default"
Added job "task_wrapper" to job store "default"
Added job "task_wrapper" to job store "default"
Added job "task_wrapper" to job store "default"
Added job "task_wrapper" to job store "default"
Scheduler started
{"jobs": ["macro", "defillama", "onchain_tx", "onchain_hashrate", "onchain_sopr", "derivatives_oi", "derivatives_lsr", "sentiment_fg"], "event": "Scheduler started", "timestamp": "2025-09-17T21:58:58.548051Z", "level": "info"}
{"port": 9300, "event": "metrics_server_started", "timestamp": "2025-09-17T21:58:59.844841Z", "level": "info"}
{"alive": true, "rss_mb": 48.2, "cpu_percent": 0.0, "event": "heartbeat", "timestamp": "2025-09-17T21:58:59.939024Z", "level": "info"}
Running job "task_wrapper (trigger: interval[0:05:14.182601], next run at: 2025-09-18 00:04:12 CEST)" (scheduled at 2025-09-17 21:58:58.531041+00:00)
{"task": "macro", "ts": "2025-09-17T21:58:59.941019Z", "event": "task_start", "timestamp": "2025-09-17T21:58:59.941019Z", "level": "info"}
{"symbol": "bitcoin", "event": "macro_cache_hit", "timestamp": "2025-09-17T21:58:59.942018Z", "level": "info"}
{"task": "macro", "event": "task_ok", "timestamp": "2025-09-17T21:58:59.943021Z", "level": "info"}
{"task": "macro", "duration": 0.002002, "event": "task_end", "timestamp": "2025-09-17T21:58:59.943021Z", "level": "info"}
Job "task_wrapper (trigger: interval[0:05:14.182601], next run at: 2025-09-18 00:04:12 CEST)" executed successfully
Running job "task_wrapper (trigger: interval[0:14:20.463091], next run at: 2025-09-18 00:13:18 CEST)" (scheduled at 2025-09-17 21:58:58.533043+00:00)
{"task": "defillama", "ts": "2025-09-17T21:58:59.945022Z", "event": "task_start", "timestamp": "2025-09-17T21:58:59.945022Z", "level": "info"}
{"chain": "ethereum", "event": "defillama_cache_hit", "timestamp": "2025-09-17T21:58:59.946019Z", "level": "info"}
{"task": "defillama", "event": "task_ok", "timestamp": "2025-09-17T21:58:59.947024Z", "level": "info"}
{"task": "defillama", "duration": 0.002002, "event": "task_end", "timestamp": "2025-09-17T21:58:59.947024Z", "level": "info"}
Job "task_wrapper (trigger: interval[0:14:20.463091], next run at: 2025-09-18 00:13:18 CEST)" executed successfully
Running job "task_wrapper (trigger: interval[0:31:27.427123], next run at: 2025-09-18 00:30:25 CEST)" (scheduled at 2025-09-17 21:58:58.535048+00:00)
{"task": "onchain_tx", "ts": "2025-09-17T21:58:59.949046Z", "event": "task_start", "timestamp": "2025-09-17T21:58:59.949046Z", "level": "info"}
Running job "task_wrapper (trigger: interval[0:30:18.184655], next run at: 2025-09-18 00:29:16 CEST)" (scheduled at 2025-09-17 21:58:58.536052+00:00)
{"task": "onchain_hashrate", "ts": "2025-09-17T21:59:00.754628Z", "event": "task_start", "timestamp": "2025-09-17T21:59:00.754628Z", "level": "info"}
Running job "task_wrapper (trigger: interval[0:30:38.325906], next run at: 2025-09-18 00:29:36 CEST)" (scheduled at 2025-09-17 21:58:58.538048+00:00)
{"task": "onchain_sopr", "ts": "2025-09-17T21:59:01.335044Z", "event": "task_start", "timestamp": "2025-09-17T21:59:01.335044Z", "level": "info"}
{"symbol": "BTC", "event": "onchain_cache_hit", "timestamp": "2025-09-17T21:59:01.337046Z", "level": "info"}
{"task": "onchain_sopr", "event": "task_ok", "timestamp": "2025-09-17T21:59:01.338047Z", "level": "info"}
{"task": "onchain_sopr", "duration": 0.003003, "event": "task_end", "timestamp": "2025-09-17T21:59:01.338047Z", "level": "info"}
Job "task_wrapper (trigger: interval[0:30:38.325906], next run at: 2025-09-18 00:29:36 CEST)" executed successfully
Running job "task_wrapper (trigger: interval[0:05:04.391565], next run at: 2025-09-18 00:04:02 CEST)" (scheduled at 2025-09-17 21:58:58.539046+00:00)
{"task": "derivatives_oi", "ts": "2025-09-17T21:59:01.341048Z", "event": "task_start", "timestamp": "2025-09-17T21:59:01.341048Z", "level": "info"}
{"symbol": "BTCUSDT", "event": "deriv_cache_hit", "timestamp": "2025-09-17T21:59:01.342053Z", "level": "info"}
{"task": "derivatives_oi", "event": "task_ok", "timestamp": "2025-09-17T21:59:01.343044Z", "level": "info"}
{"task": "derivatives_oi", "duration": 0.001996, "event": "task_end", "timestamp": "2025-09-17T21:59:01.343044Z", "level": "info"}
Job "task_wrapper (trigger: interval[0:05:04.391565], next run at: 2025-09-18 00:04:02 CEST)" executed successfully
Running job "task_wrapper (trigger: interval[0:04:57.657065], next run at: 2025-09-18 00:03:56 CEST)" (scheduled at 2025-09-17 21:58:58.541047+00:00)
{"task": "derivatives_lsr", "ts": "2025-09-17T21:59:01.345045Z", "event": "task_start", "timestamp": "2025-09-17T21:59:01.345045Z", "level": "info"}
{"symbol": "BTCUSDT", "metric": "long_short_ratio", "event": "deriv_cache_hit", "timestamp": "2025-09-17T21:59:01.346052Z", "level": "info"}
{"task": "derivatives_lsr", "event": "task_ok", "timestamp": "2025-09-17T21:59:01.347045Z", "level": "info"}
{"task": "derivatives_lsr", "duration": 0.002, "event": "task_end", "timestamp": "2025-09-17T21:59:01.347045Z", "level": "info"}
Job "task_wrapper (trigger: interval[0:04:57.657065], next run at: 2025-09-18 00:03:56 CEST)" executed successfully
Running job "task_wrapper (trigger: interval[1:01:27.218326], next run at: 2025-09-18 01:00:25 CEST)" (scheduled at 2025-09-17 21:58:58.542047+00:00)
{"task": "sentiment_fg", "ts": "2025-09-17T21:59:01.350048Z", "event": "task_start", "timestamp": "2025-09-17T21:59:01.350048Z", "level": "info"}
{"metric": "fear_greed", "event": "sentiment_cache_hit", "timestamp": "2025-09-17T21:59:01.350048Z", "level": "info"}
{"task": "sentiment_fg", "event": "task_ok", "timestamp": "2025-09-17T21:59:01.351046Z", "level": "info"}
{"task": "sentiment_fg", "duration": 0.001998, "event": "task_end", "timestamp": "2025-09-17T21:59:01.352046Z", "level": "info"}
Job "task_wrapper (trigger: interval[1:01:27.218326], next run at: 2025-09-18 01:00:25 CEST)" executed successfully
HTTP Request: GET https://api.blockchain.info/q/hashrate "HTTP/1.1 200 OK"
{"symbol": "BTC", "source": "blockchain.info", "event": "onchain_success", "timestamp": "2025-09-17T21:59:01.485642Z", "level": "info"}
{"task": "onchain_hashrate", "event": "task_ok", "timestamp": "2025-09-17T21:59:01.486643Z", "level": "info"}
{"task": "onchain_hashrate", "duration": 0.733011, "event": "task_end", "timestamp": "2025-09-17T21:59:01.487639Z", "level": "info"}
Job "task_wrapper (trigger: interval[0:30:18.184655], next run at: 2025-09-18 00:29:16 CEST)" executed successfully
HTTP Request: GET https://api.blockchain.info/q/getblockcount "HTTP/1.1 200 OK"
{"symbol": "BTC", "source": "blockchain.info", "event": "onchain_success", "timestamp": "2025-09-17T21:59:01.497171Z", "level": "info"}
{"task": "onchain_tx", "event": "task_ok", "timestamp": "2025-09-17T21:59:01.498173Z", "level": "info"}
{"task": "onchain_tx", "duration": 1.549127, "event": "task_end", "timestamp": "2025-09-17T21:59:01.498173Z", "level": "info"}
Job "task_wrapper (trigger: interval[0:31:27.427123], next run at: 2025-09-18 00:30:25 CEST)" executed successfully
{"alive": true, "rss_mb": 55.2, "cpu_percent": 0.0, "event": "heartbeat", "timestamp": "2025-09-17T21:59:29.944461Z", "level": "info"}
{"alive": true, "rss_mb": 55.1, "cpu_percent": 0.0, "event": "heartbeat", "timestamp": "2025-09-17T21:59:59.952695Z", "level": "info"}
{"alive": true, "rss_mb": 55.1, "cpu_percent": 0.0, "event": "heartbeat", "timestamp": "2025-09-17T22:00:29.961831Z", "level": "info"}
{"event": "Application stopped by user", "timestamp": "2025-09-17T22:00:53.325598Z", "level": "info"}
