{"run_log": "C:\\Users\\To the moon\\Downloads\\new_crypto_prodsafe\\logs\\run_20250918_001751.log", "rotating_log": "C:\\Users\\To the moon\\Downloads\\new_crypto_prodsafe\\logs\\app.log", "run_id": "da83fcd0", "event": "Logging initialized", "timestamp": "2025-09-17T22:17:51.002702Z", "level": "info"}
{"mode": "scheduler", "enable_sched": true, "sched_cfg": "scheduler/jobs.yaml", "event": "Starting Crypto Monitor", "timestamp": "2025-09-17T22:17:51.009701Z", "run_id": "da83fcd0", "level": "info"}
Adding job tentatively -- it will be properly scheduled when the scheduler starts
{"id": "macro", "every": 300.0, "func": "pipeline.collectors.market:fetch_macro", "args": ["bitcoin"], "kwargs": ["cmc_api_key"], "event": "job_registered", "timestamp": "2025-09-17T22:17:51.029755Z", "run_id": "da83fcd0", "level": "info"}
Adding job tentatively -- it will be properly scheduled when the scheduler starts
{"id": "defillama", "every": 900.0, "func": "pipeline.collectors.defillama:fetch_defillama_tvl", "args": ["ethereum"], "kwargs": [], "event": "job_registered", "timestamp": "2025-09-17T22:17:51.030731Z", "run_id": "da83fcd0", "level": "info"}
Adding job tentatively -- it will be properly scheduled when the scheduler starts
{"id": "onchain_tx", "every": 1800.0, "func": "pipeline.collectors.onchain:fetch_txcount", "args": ["BTC"], "kwargs": ["etherscan_api_key"], "event": "job_registered", "timestamp": "2025-09-17T22:17:51.031744Z", "run_id": "da83fcd0", "level": "info"}
Adding job tentatively -- it will be properly scheduled when the scheduler starts
{"id": "onchain_hashrate", "every": 1800.0, "func": "pipeline.collectors.onchain:fetch_hashrate", "args": ["BTC"], "kwargs": [], "event": "job_registered", "timestamp": "2025-09-17T22:17:51.031744Z", "run_id": "da83fcd0", "level": "info"}
Adding job tentatively -- it will be properly scheduled when the scheduler starts
{"id": "onchain_sopr", "every": 1800.0, "func": "pipeline.collectors.onchain:fetch_sopr", "args": ["BTC"], "kwargs": [], "event": "job_registered", "timestamp": "2025-09-17T22:17:51.032747Z", "run_id": "da83fcd0", "level": "info"}
Adding job tentatively -- it will be properly scheduled when the scheduler starts
{"id": "derivatives_oi", "every": 300.0, "func": "pipeline.collectors.derivatives:fetch_bybit_oi", "args": ["BTCUSDT"], "kwargs": [], "event": "job_registered", "timestamp": "2025-09-17T22:17:51.032747Z", "run_id": "da83fcd0", "level": "info"}
Adding job tentatively -- it will be properly scheduled when the scheduler starts
{"id": "derivatives_lsr", "every": 300.0, "func": "pipeline.collectors.derivatives:fetch_bybit_long_short_ratio", "args": ["BTCUSDT"], "kwargs": [], "event": "job_registered", "timestamp": "2025-09-17T22:17:51.033747Z", "run_id": "da83fcd0", "level": "info"}
Adding job tentatively -- it will be properly scheduled when the scheduler starts
{"id": "sentiment_fg", "every": 3600.0, "func": "pipeline.collectors.sentiment:fetch_fear_greed", "args": [], "kwargs": [], "event": "job_registered", "timestamp": "2025-09-17T22:17:51.033747Z", "run_id": "da83fcd0", "level": "info"}
Added job "task_wrapper" to job store "default"
Added job "task_wrapper" to job store "default"
Added job "task_wrapper" to job store "default"
Added job "task_wrapper" to job store "default"
Added job "task_wrapper" to job store "default"
Added job "task_wrapper" to job store "default"
Added job "task_wrapper" to job store "default"
Added job "task_wrapper" to job store "default"
Scheduler started
{"jobs": ["macro", "defillama", "onchain_tx", "onchain_hashrate", "onchain_sopr", "derivatives_oi", "derivatives_lsr", "sentiment_fg"], "event": "Scheduler started", "timestamp": "2025-09-17T22:17:51.040732Z", "run_id": "da83fcd0", "level": "info"}
{"port": 9300, "event": "metrics_server_started", "timestamp": "2025-09-17T22:17:52.339851Z", "run_id": "da83fcd0", "level": "info"}
{"alive": true, "rss_mb": 48.2, "cpu_percent": 0.0, "event": "heartbeat", "timestamp": "2025-09-17T22:17:52.370397Z", "run_id": "da83fcd0", "level": "info"}
Running job "task_wrapper (trigger: interval[0:05:06.095480], next run at: 2025-09-18 00:22:57 CEST)" (scheduled at 2025-09-17 22:17:51.028736+00:00)
{"task": "macro", "ts": "2025-09-17T22:17:52.372397Z", "event": "task_start", "timestamp": "2025-09-17T22:17:52.372397Z", "run_id": "da83fcd0", "level": "info"}
{"symbol": "bitcoin", "event": "macro_cache_hit", "timestamp": "2025-09-17T22:17:52.373396Z", "run_id": "da83fcd0", "level": "info"}
{"task": "macro", "event": "task_ok", "timestamp": "2025-09-17T22:17:52.374379Z", "run_id": "da83fcd0", "level": "info"}
{"task": "macro", "duration": 0.001982, "event": "task_end", "timestamp": "2025-09-17T22:17:52.374379Z", "run_id": "da83fcd0", "level": "info"}
Job "task_wrapper (trigger: interval[0:05:06.095480], next run at: 2025-09-18 00:22:57 CEST)" executed successfully
Running job "task_wrapper (trigger: interval[0:14:23.004583], next run at: 2025-09-18 00:32:14 CEST)" (scheduled at 2025-09-17 22:17:51.029755+00:00)
{"task": "defillama", "ts": "2025-09-17T22:17:52.377379Z", "event": "task_start", "timestamp": "2025-09-17T22:17:52.377379Z", "run_id": "da83fcd0", "level": "info"}
{"chain": "ethereum", "event": "defillama_cache_hit", "timestamp": "2025-09-17T22:17:52.378385Z", "run_id": "da83fcd0", "level": "info"}
{"task": "defillama", "event": "task_ok", "timestamp": "2025-09-17T22:17:52.379390Z", "run_id": "da83fcd0", "level": "info"}
{"task": "defillama", "duration": 0.002011, "event": "task_end", "timestamp": "2025-09-17T22:17:52.379390Z", "run_id": "da83fcd0", "level": "info"}
Job "task_wrapper (trigger: interval[0:14:23.004583], next run at: 2025-09-18 00:32:14 CEST)" executed successfully
Running job "task_wrapper (trigger: interval[0:31:23.578986], next run at: 2025-09-18 00:49:14 CEST)" (scheduled at 2025-09-17 22:17:51.030731+00:00)
{"task": "onchain_tx", "ts": "2025-09-17T22:17:52.381375Z", "event": "task_start", "timestamp": "2025-09-17T22:17:52.381375Z", "run_id": "da83fcd0", "level": "info"}
{"symbol": "BTC", "event": "onchain_cache_hit", "timestamp": "2025-09-17T22:17:52.382381Z", "run_id": "da83fcd0", "level": "info"}
{"task": "onchain_tx", "event": "task_ok", "timestamp": "2025-09-17T22:17:52.383387Z", "run_id": "da83fcd0", "level": "info"}
{"task": "onchain_tx", "duration": 0.002012, "event": "task_end", "timestamp": "2025-09-17T22:17:52.383387Z", "run_id": "da83fcd0", "level": "info"}
Job "task_wrapper (trigger: interval[0:31:23.578986], next run at: 2025-09-18 00:49:14 CEST)" executed successfully
Running job "task_wrapper (trigger: interval[0:31:03.698574], next run at: 2025-09-18 00:48:54 CEST)" (scheduled at 2025-09-17 22:17:51.031744+00:00)
{"task": "onchain_hashrate", "ts": "2025-09-17T22:17:52.386380Z", "event": "task_start", "timestamp": "2025-09-17T22:17:52.386380Z", "run_id": "da83fcd0", "level": "info"}
{"symbol": "BTC", "event": "onchain_cache_hit", "timestamp": "2025-09-17T22:17:52.387376Z", "run_id": "da83fcd0", "level": "info"}
{"task": "onchain_hashrate", "event": "task_ok", "timestamp": "2025-09-17T22:17:52.387376Z", "run_id": "da83fcd0", "level": "info"}
{"task": "onchain_hashrate", "duration": 0.00202, "event": "task_end", "timestamp": "2025-09-17T22:17:52.388400Z", "run_id": "da83fcd0", "level": "info"}
Job "task_wrapper (trigger: interval[0:31:03.698574], next run at: 2025-09-18 00:48:54 CEST)" executed successfully
Running job "task_wrapper (trigger: interval[0:30:34.627181], next run at: 2025-09-18 00:48:25 CEST)" (scheduled at 2025-09-17 22:17:51.031744+00:00)
{"task": "onchain_sopr", "ts": "2025-09-17T22:17:52.390383Z", "event": "task_start", "timestamp": "2025-09-17T22:17:52.390383Z", "run_id": "da83fcd0", "level": "info"}
{"symbol": "BTC", "event": "onchain_cache_hit", "timestamp": "2025-09-17T22:17:52.391382Z", "run_id": "da83fcd0", "level": "info"}
{"task": "onchain_sopr", "event": "task_ok", "timestamp": "2025-09-17T22:17:52.392384Z", "run_id": "da83fcd0", "level": "info"}
{"task": "onchain_sopr", "duration": 0.002001, "event": "task_end", "timestamp": "2025-09-17T22:17:52.392384Z", "run_id": "da83fcd0", "level": "info"}
Job "task_wrapper (trigger: interval[0:30:34.627181], next run at: 2025-09-18 00:48:25 CEST)" executed successfully
Running job "task_wrapper (trigger: interval[0:04:50.321508], next run at: 2025-09-18 00:22:41 CEST)" (scheduled at 2025-09-17 22:17:51.032747+00:00)
{"task": "derivatives_oi", "ts": "2025-09-17T22:17:52.394380Z", "event": "task_start", "timestamp": "2025-09-17T22:17:52.394380Z", "run_id": "da83fcd0", "level": "info"}
{"symbol": "BTCUSDT", "event": "deriv_cache_hit", "timestamp": "2025-09-17T22:17:52.395381Z", "run_id": "da83fcd0", "level": "info"}
{"task": "derivatives_oi", "event": "task_ok", "timestamp": "2025-09-17T22:17:52.396380Z", "run_id": "da83fcd0", "level": "info"}
{"task": "derivatives_oi", "duration": 0.003002, "event": "task_end", "timestamp": "2025-09-17T22:17:52.397382Z", "run_id": "da83fcd0", "level": "info"}
Job "task_wrapper (trigger: interval[0:04:50.321508], next run at: 2025-09-18 00:22:41 CEST)" executed successfully
Running job "task_wrapper (trigger: interval[0:05:03.075363], next run at: 2025-09-18 00:22:54 CEST)" (scheduled at 2025-09-17 22:17:51.033747+00:00)
{"task": "derivatives_lsr", "ts": "2025-09-17T22:17:52.399396Z", "event": "task_start", "timestamp": "2025-09-17T22:17:52.399396Z", "run_id": "da83fcd0", "level": "info"}
{"symbol": "BTCUSDT", "metric": "long_short_ratio", "event": "deriv_cache_hit", "timestamp": "2025-09-17T22:17:52.400388Z", "run_id": "da83fcd0", "level": "info"}
{"task": "derivatives_lsr", "event": "task_ok", "timestamp": "2025-09-17T22:17:52.400388Z", "run_id": "da83fcd0", "level": "info"}
{"task": "derivatives_lsr", "duration": 0.001984, "event": "task_end", "timestamp": "2025-09-17T22:17:52.401380Z", "run_id": "da83fcd0", "level": "info"}
Job "task_wrapper (trigger: interval[0:05:03.075363], next run at: 2025-09-18 00:22:54 CEST)" executed successfully
Running job "task_wrapper (trigger: interval[1:00:17.751173], next run at: 2025-09-18 01:18:08 CEST)" (scheduled at 2025-09-17 22:17:51.033747+00:00)
{"task": "sentiment_fg", "ts": "2025-09-17T22:17:52.403387Z", "event": "task_start", "timestamp": "2025-09-17T22:17:52.403387Z", "run_id": "da83fcd0", "level": "info"}
HTTP Request: GET https://api.alternative.me/fng/ "HTTP/1.1 200 OK"
{"metric": "fear_greed", "source": "alternative.me", "event": "sentiment_success", "timestamp": "2025-09-17T22:17:53.398142Z", "run_id": "da83fcd0", "level": "info"}
{"task": "sentiment_fg", "event": "task_ok", "timestamp": "2025-09-17T22:17:53.399145Z", "run_id": "da83fcd0", "level": "info"}
{"task": "sentiment_fg", "duration": 0.996759, "event": "task_end", "timestamp": "2025-09-17T22:17:53.400146Z", "run_id": "da83fcd0", "level": "info"}
Job "task_wrapper (trigger: interval[1:00:17.751173], next run at: 2025-09-18 01:18:08 CEST)" executed successfully
{"alive": true, "rss_mb": 54.5, "cpu_percent": 0.0, "event": "heartbeat", "timestamp": "2025-09-17T22:18:52.396702Z", "run_id": "da83fcd0", "level": "info"}
{"event": "Application stopped by user", "timestamp": "2025-09-17T22:19:33.357151Z", "level": "info"}
