{"run_log": "C:\\Users\\To the moon\\Downloads\\new_crypto_prodsafe\\logs\\run_20250918_002903.log", "rotating_log": "C:\\Users\\To the moon\\Downloads\\new_crypto_prodsafe\\logs\\app.log", "run_id": "4fbfaed9", "event": "Logging initialized", "timestamp": "2025-09-17T22:29:03.589222Z", "level": "info"}
{"mode": "scheduler", "enable_sched": true, "sched_cfg": "scheduler/jobs.yaml", "event": "Starting Crypto Monitor", "timestamp": "2025-09-17T22:29:03.595231Z", "run_id": "4fbfaed9", "level": "info"}
Adding job tentatively -- it will be properly scheduled when the scheduler starts
{"id": "macro", "every": 300.0, "func": "pipeline.collectors.market:fetch_macro", "args": ["bitcoin"], "kwargs": ["cmc_api_key"], "event": "job_registered", "timestamp": "2025-09-17T22:29:03.618226Z", "run_id": "4fbfaed9", "level": "info"}
Adding job tentatively -- it will be properly scheduled when the scheduler starts
{"id": "defillama", "every": 900.0, "func": "pipeline.collectors.defillama:fetch_defillama_tvl", "args": ["ethereum"], "kwargs": [], "event": "job_registered", "timestamp": "2025-09-17T22:29:03.620227Z", "run_id": "4fbfaed9", "level": "info"}
Adding job tentatively -- it will be properly scheduled when the scheduler starts
{"id": "onchain_tx", "every": 1800.0, "func": "pipeline.collectors.onchain:fetch_txcount", "args": ["BTC"], "kwargs": ["etherscan_api_key"], "event": "job_registered", "timestamp": "2025-09-17T22:29:03.621237Z", "run_id": "4fbfaed9", "level": "info"}
Adding job tentatively -- it will be properly scheduled when the scheduler starts
{"id": "onchain_hashrate", "every": 1800.0, "func": "pipeline.collectors.onchain:fetch_hashrate", "args": ["BTC"], "kwargs": [], "event": "job_registered", "timestamp": "2025-09-17T22:29:03.622220Z", "run_id": "4fbfaed9", "level": "info"}
Adding job tentatively -- it will be properly scheduled when the scheduler starts
{"id": "onchain_sopr", "every": 1800.0, "func": "pipeline.collectors.onchain:fetch_sopr", "args": ["BTC"], "kwargs": [], "event": "job_registered", "timestamp": "2025-09-17T22:29:03.623226Z", "run_id": "4fbfaed9", "level": "info"}
Adding job tentatively -- it will be properly scheduled when the scheduler starts
{"id": "derivatives_oi", "every": 300.0, "func": "pipeline.collectors.derivatives:fetch_bybit_oi", "args": ["BTCUSDT"], "kwargs": [], "event": "job_registered", "timestamp": "2025-09-17T22:29:03.625228Z", "run_id": "4fbfaed9", "level": "info"}
Adding job tentatively -- it will be properly scheduled when the scheduler starts
{"id": "derivatives_lsr", "every": 300.0, "func": "pipeline.collectors.derivatives:fetch_bybit_long_short_ratio", "args": ["BTCUSDT"], "kwargs": [], "event": "job_registered", "timestamp": "2025-09-17T22:29:03.626228Z", "run_id": "4fbfaed9", "level": "info"}
Adding job tentatively -- it will be properly scheduled when the scheduler starts
{"id": "sentiment_fg", "every": 3600.0, "func": "pipeline.collectors.sentiment:fetch_fear_greed", "args": [], "kwargs": [], "event": "job_registered", "timestamp": "2025-09-17T22:29:03.627238Z", "run_id": "4fbfaed9", "level": "info"}
Added job "task_wrapper" to job store "default"
Added job "task_wrapper" to job store "default"
Added job "task_wrapper" to job store "default"
Added job "task_wrapper" to job store "default"
Added job "task_wrapper" to job store "default"
Added job "task_wrapper" to job store "default"
Added job "task_wrapper" to job store "default"
Added job "task_wrapper" to job store "default"
Scheduler started
{"jobs": ["macro", "defillama", "onchain_tx", "onchain_hashrate", "onchain_sopr", "derivatives_oi", "derivatives_lsr", "sentiment_fg"], "event": "Scheduler started", "timestamp": "2025-09-17T22:29:03.634220Z", "run_id": "4fbfaed9", "level": "info"}
{"port": 9300, "event": "metrics_server_started", "timestamp": "2025-09-17T22:29:04.917616Z", "run_id": "4fbfaed9", "level": "info"}
{"alive": true, "rss_mb": 48.3, "cpu_percent": 0.0, "event": "heartbeat", "timestamp": "2025-09-17T22:29:04.939617Z", "run_id": "4fbfaed9", "level": "info"}
Running job "task_wrapper (trigger: interval[0:04:45.540541], next run at: 2025-09-18 00:33:49 CEST)" (scheduled at 2025-09-17 22:29:03.617230+00:00)
{"task": "macro", "ts": "2025-09-17T22:29:04.941633Z", "event": "task_start", "timestamp": "2025-09-17T22:29:04.941633Z", "run_id": "4fbfaed9", "level": "info"}
{"symbol": "bitcoin", "event": "macro_cache_hit", "timestamp": "2025-09-17T22:29:04.942621Z", "run_id": "4fbfaed9", "level": "info"}
{"task": "macro", "event": "task_ok", "timestamp": "2025-09-17T22:29:04.942621Z", "run_id": "4fbfaed9", "level": "info"}
{"task": "macro", "duration": 0.001995, "event": "task_end", "timestamp": "2025-09-17T22:29:04.943628Z", "run_id": "4fbfaed9", "level": "info"}
Job "task_wrapper (trigger: interval[0:04:45.540541], next run at: 2025-09-18 00:33:49 CEST)" executed successfully
Running job "task_wrapper (trigger: interval[0:15:04.685969], next run at: 2025-09-18 00:44:08 CEST)" (scheduled at 2025-09-17 22:29:03.619244+00:00)
{"task": "defillama", "ts": "2025-09-17T22:29:04.946620Z", "event": "task_start", "timestamp": "2025-09-17T22:29:04.946620Z", "run_id": "4fbfaed9", "level": "info"}
{"chain": "ethereum", "event": "defillama_cache_hit", "timestamp": "2025-09-17T22:29:04.947621Z", "run_id": "4fbfaed9", "level": "info"}
{"task": "defillama", "event": "task_ok", "timestamp": "2025-09-17T22:29:04.949621Z", "run_id": "4fbfaed9", "level": "info"}
{"task": "defillama", "duration": 0.004003, "event": "task_end", "timestamp": "2025-09-17T22:29:04.950623Z", "run_id": "4fbfaed9", "level": "info"}
Job "task_wrapper (trigger: interval[0:15:04.685969], next run at: 2025-09-18 00:44:08 CEST)" executed successfully
Running job "task_wrapper (trigger: interval[0:30:07.539794], next run at: 2025-09-18 00:59:11 CEST)" (scheduled at 2025-09-17 22:29:03.620227+00:00)
{"task": "onchain_tx", "ts": "2025-09-17T22:29:04.953616Z", "event": "task_start", "timestamp": "2025-09-17T22:29:04.953616Z", "run_id": "4fbfaed9", "level": "info"}
Running job "task_wrapper (trigger: interval[0:29:53.064608], next run at: 2025-09-18 00:58:56 CEST)" (scheduled at 2025-09-17 22:29:03.622220+00:00)
{"task": "onchain_hashrate", "ts": "2025-09-17T22:29:05.708148Z", "event": "task_start", "timestamp": "2025-09-17T22:29:05.708148Z", "run_id": "4fbfaed9", "level": "info"}
Running job "task_wrapper (trigger: interval[0:29:50.428671], next run at: 2025-09-18 00:58:54 CEST)" (scheduled at 2025-09-17 22:29:03.623226+00:00)
{"task": "onchain_sopr", "ts": "2025-09-17T22:29:06.195972Z", "event": "task_start", "timestamp": "2025-09-17T22:29:06.195972Z", "run_id": "4fbfaed9", "level": "info"}
Running job "task_wrapper (trigger: interval[0:05:14.724754], next run at: 2025-09-18 00:34:18 CEST)" (scheduled at 2025-09-17 22:29:03.624220+00:00)
{"task": "derivatives_oi", "ts": "2025-09-17T22:29:06.646304Z", "event": "task_start", "timestamp": "2025-09-17T22:29:06.646304Z", "run_id": "4fbfaed9", "level": "info"}
{"symbol": "BTCUSDT", "event": "deriv_cache_hit", "timestamp": "2025-09-17T22:29:06.647306Z", "run_id": "4fbfaed9", "level": "info"}
{"task": "derivatives_oi", "event": "task_ok", "timestamp": "2025-09-17T22:29:06.648307Z", "run_id": "4fbfaed9", "level": "info"}
{"task": "derivatives_oi", "duration": 0.002003, "event": "task_end", "timestamp": "2025-09-17T22:29:06.648307Z", "run_id": "4fbfaed9", "level": "info"}
Job "task_wrapper (trigger: interval[0:05:14.724754], next run at: 2025-09-18 00:34:18 CEST)" executed successfully
Running job "task_wrapper (trigger: interval[0:04:58.708099], next run at: 2025-09-18 00:34:02 CEST)" (scheduled at 2025-09-17 22:29:03.625228+00:00)
{"task": "derivatives_lsr", "ts": "2025-09-17T22:29:06.652304Z", "event": "task_start", "timestamp": "2025-09-17T22:29:06.652304Z", "run_id": "4fbfaed9", "level": "info"}
{"symbol": "BTCUSDT", "metric": "long_short_ratio", "event": "deriv_cache_hit", "timestamp": "2025-09-17T22:29:06.653312Z", "run_id": "4fbfaed9", "level": "info"}
{"task": "derivatives_lsr", "event": "task_ok", "timestamp": "2025-09-17T22:29:06.653312Z", "run_id": "4fbfaed9", "level": "info"}
{"task": "derivatives_lsr", "duration": 0.001999, "event": "task_end", "timestamp": "2025-09-17T22:29:06.654303Z", "run_id": "4fbfaed9", "level": "info"}
Job "task_wrapper (trigger: interval[0:04:58.708099], next run at: 2025-09-18 00:34:02 CEST)" executed successfully
Running job "task_wrapper (trigger: interval[0:58:30.654977], next run at: 2025-09-18 01:27:34 CEST)" (scheduled at 2025-09-17 22:29:03.626228+00:00)
{"task": "sentiment_fg", "ts": "2025-09-17T22:29:06.657307Z", "event": "task_start", "timestamp": "2025-09-17T22:29:06.657307Z", "run_id": "4fbfaed9", "level": "info"}
HTTP Request: GET https://api.blockchain.info/q/getblockcount "HTTP/1.1 200 OK"
{"symbol": "BTC", "source": "blockchain.info", "event": "onchain_success", "timestamp": "2025-09-17T22:29:07.289276Z", "run_id": "4fbfaed9", "level": "info"}
{"task": "onchain_tx", "event": "task_ok", "timestamp": "2025-09-17T22:29:07.290279Z", "run_id": "4fbfaed9", "level": "info"}
{"task": "onchain_tx", "duration": 2.337655, "event": "task_end", "timestamp": "2025-09-17T22:29:07.292277Z", "run_id": "4fbfaed9", "level": "info"}
Job "task_wrapper (trigger: interval[0:30:07.539794], next run at: 2025-09-18 00:59:11 CEST)" executed successfully
HTTP Request: GET https://api.blockchain.info/q/hashrate "HTTP/1.1 200 OK"
{"symbol": "BTC", "source": "blockchain.info", "event": "onchain_success", "timestamp": "2025-09-17T22:29:07.305277Z", "run_id": "4fbfaed9", "level": "info"}
{"task": "onchain_hashrate", "event": "task_ok", "timestamp": "2025-09-17T22:29:07.306275Z", "run_id": "4fbfaed9", "level": "info"}
{"task": "onchain_hashrate", "duration": 1.598127, "event": "task_end", "timestamp": "2025-09-17T22:29:07.306275Z", "run_id": "4fbfaed9", "level": "info"}
Job "task_wrapper (trigger: interval[0:29:53.064608], next run at: 2025-09-18 00:58:56 CEST)" executed successfully
HTTP Request: GET https://bitcoin-data.com/v1/sopr/csv "HTTP/1.1 200 "
HTTP Request: GET https://api.alternative.me/fng/ "HTTP/1.1 200 OK"
{"metric": "fear_greed", "source": "alternative.me", "event": "sentiment_success", "timestamp": "2025-09-17T22:29:07.543863Z", "run_id": "4fbfaed9", "level": "info"}
{"task": "sentiment_fg", "event": "task_ok", "timestamp": "2025-09-17T22:29:07.544861Z", "run_id": "4fbfaed9", "level": "info"}
{"task": "sentiment_fg", "duration": 0.88856, "event": "task_end", "timestamp": "2025-09-17T22:29:07.545867Z", "run_id": "4fbfaed9", "level": "info"}
Job "task_wrapper (trigger: interval[0:58:30.654977], next run at: 2025-09-18 01:27:34 CEST)" executed successfully
{"symbol": "BTC", "source": "bitcoin-data.com", "event": "onchain_success", "timestamp": "2025-09-17T22:29:07.660974Z", "run_id": "4fbfaed9", "level": "info"}
{"task": "onchain_sopr", "event": "task_ok", "timestamp": "2025-09-17T22:29:07.661984Z", "run_id": "4fbfaed9", "level": "info"}
{"task": "onchain_sopr", "duration": 1.467012, "event": "task_end", "timestamp": "2025-09-17T22:29:07.662984Z", "run_id": "4fbfaed9", "level": "info"}
Job "task_wrapper (trigger: interval[0:29:50.428671], next run at: 2025-09-18 00:58:54 CEST)" executed successfully
{"alive": true, "rss_mb": 55.0, "cpu_percent": 0.0, "event": "heartbeat", "timestamp": "2025-09-17T22:30:04.920186Z", "run_id": "4fbfaed9", "level": "info"}
{"alive": true, "rss_mb": 55.0, "cpu_percent": 0.0, "event": "heartbeat", "timestamp": "2025-09-17T22:31:04.938159Z", "run_id": "4fbfaed9", "level": "info"}
{"alive": true, "rss_mb": 55.0, "cpu_percent": 0.0, "event": "heartbeat", "timestamp": "2025-09-17T22:32:04.954937Z", "run_id": "4fbfaed9", "level": "info"}
{"alive": true, "rss_mb": 55.0, "cpu_percent": 0.0, "event": "heartbeat", "timestamp": "2025-09-17T22:33:04.980046Z", "run_id": "4fbfaed9", "level": "info"}
Running job "task_wrapper (trigger: interval[0:04:45.540541], next run at: 2025-09-18 00:38:34 CEST)" (scheduled at 2025-09-18 00:33:49.157771+02:00)
{"task": "macro", "ts": "2025-09-17T22:33:49.180738Z", "event": "task_start", "timestamp": "2025-09-17T22:33:49.180738Z", "run_id": "4fbfaed9", "level": "info"}
{"symbol": "bitcoin", "event": "macro_cache_hit", "timestamp": "2025-09-17T22:33:49.180738Z", "run_id": "4fbfaed9", "level": "info"}
{"task": "macro", "event": "task_ok", "timestamp": "2025-09-17T22:33:49.181731Z", "run_id": "4fbfaed9", "level": "info"}
{"task": "macro", "duration": 0.002, "event": "task_end", "timestamp": "2025-09-17T22:33:49.182738Z", "run_id": "4fbfaed9", "level": "info"}
Job "task_wrapper (trigger: interval[0:04:45.540541], next run at: 2025-09-18 00:38:34 CEST)" executed successfully
Running job "task_wrapper (trigger: interval[0:04:58.708099], next run at: 2025-09-18 00:39:01 CEST)" (scheduled at 2025-09-18 00:34:02.333327+02:00)
{"task": "derivatives_lsr", "ts": "2025-09-17T22:34:02.336133Z", "event": "task_start", "timestamp": "2025-09-17T22:34:02.336133Z", "run_id": "4fbfaed9", "level": "info"}
{"symbol": "BTCUSDT", "metric": "long_short_ratio", "event": "deriv_cache_hit", "timestamp": "2025-09-17T22:34:02.337127Z", "run_id": "4fbfaed9", "level": "info"}
{"task": "derivatives_lsr", "event": "task_ok", "timestamp": "2025-09-17T22:34:02.338145Z", "run_id": "4fbfaed9", "level": "info"}
{"task": "derivatives_lsr", "duration": 0.002012, "event": "task_end", "timestamp": "2025-09-17T22:34:02.338145Z", "run_id": "4fbfaed9", "level": "info"}
Job "task_wrapper (trigger: interval[0:04:58.708099], next run at: 2025-09-18 00:39:01 CEST)" executed successfully
{"alive": true, "rss_mb": 55.1, "cpu_percent": 0.0, "event": "heartbeat", "timestamp": "2025-09-17T22:34:04.983119Z", "run_id": "4fbfaed9", "level": "info"}
Running job "task_wrapper (trigger: interval[0:05:14.724754], next run at: 2025-09-18 00:39:33 CEST)" (scheduled at 2025-09-18 00:34:18.348974+02:00)
{"task": "derivatives_oi", "ts": "2025-09-17T22:34:18.358036Z", "event": "task_start", "timestamp": "2025-09-17T22:34:18.358036Z", "run_id": "4fbfaed9", "level": "info"}
{"symbol": "BTCUSDT", "event": "deriv_cache_hit", "timestamp": "2025-09-17T22:34:18.359042Z", "run_id": "4fbfaed9", "level": "info"}
{"task": "derivatives_oi", "event": "task_ok", "timestamp": "2025-09-17T22:34:18.359042Z", "run_id": "4fbfaed9", "level": "info"}
{"task": "derivatives_oi", "duration": 0.001006, "event": "task_end", "timestamp": "2025-09-17T22:34:18.359042Z", "run_id": "4fbfaed9", "level": "info"}
Job "task_wrapper (trigger: interval[0:05:14.724754], next run at: 2025-09-18 00:39:33 CEST)" executed successfully
{"alive": true, "rss_mb": 55.1, "cpu_percent": 0.0, "event": "heartbeat", "timestamp": "2025-09-17T22:35:04.973260Z", "run_id": "4fbfaed9", "level": "info"}
{"alive": true, "rss_mb": 55.1, "cpu_percent": 0.0, "event": "heartbeat", "timestamp": "2025-09-17T22:36:04.991135Z", "run_id": "4fbfaed9", "level": "info"}
{"alive": true, "rss_mb": 55.1, "cpu_percent": 0.0, "event": "heartbeat", "timestamp": "2025-09-17T22:37:04.999998Z", "run_id": "4fbfaed9", "level": "info"}
{"alive": true, "rss_mb": 55.1, "cpu_percent": 0.0, "event": "heartbeat", "timestamp": "2025-09-17T22:38:05.008376Z", "run_id": "4fbfaed9", "level": "info"}
Running job "task_wrapper (trigger: interval[0:04:45.540541], next run at: 2025-09-18 00:43:20 CEST)" (scheduled at 2025-09-18 00:38:34.698312+02:00)
{"task": "macro", "ts": "2025-09-17T22:38:34.720722Z", "event": "task_start", "timestamp": "2025-09-17T22:38:34.720722Z", "run_id": "4fbfaed9", "level": "info"}
{"symbol": "bitcoin", "event": "macro_cache_hit", "timestamp": "2025-09-17T22:38:34.721710Z", "run_id": "4fbfaed9", "level": "info"}
{"task": "macro", "event": "task_ok", "timestamp": "2025-09-17T22:38:34.722699Z", "run_id": "4fbfaed9", "level": "info"}
{"task": "macro", "duration": 0.002978, "event": "task_end", "timestamp": "2025-09-17T22:38:34.723700Z", "run_id": "4fbfaed9", "level": "info"}
Job "task_wrapper (trigger: interval[0:04:45.540541], next run at: 2025-09-18 00:43:20 CEST)" executed successfully
Running job "task_wrapper (trigger: interval[0:04:58.708099], next run at: 2025-09-18 00:43:59 CEST)" (scheduled at 2025-09-18 00:39:01.041426+02:00)
{"task": "derivatives_lsr", "ts": "2025-09-17T22:39:01.057907Z", "event": "task_start", "timestamp": "2025-09-17T22:39:01.057907Z", "run_id": "4fbfaed9", "level": "info"}
{"symbol": "BTCUSDT", "metric": "long_short_ratio", "event": "deriv_cache_hit", "timestamp": "2025-09-17T22:39:01.058906Z", "run_id": "4fbfaed9", "level": "info"}
{"task": "derivatives_lsr", "event": "task_ok", "timestamp": "2025-09-17T22:39:01.059917Z", "run_id": "4fbfaed9", "level": "info"}
{"task": "derivatives_lsr", "duration": 0.00201, "event": "task_end", "timestamp": "2025-09-17T22:39:01.059917Z", "run_id": "4fbfaed9", "level": "info"}
Job "task_wrapper (trigger: interval[0:04:58.708099], next run at: 2025-09-18 00:43:59 CEST)" executed successfully
{"alive": true, "rss_mb": 55.1, "cpu_percent": 0.0, "event": "heartbeat", "timestamp": "2025-09-17T22:39:05.026015Z", "run_id": "4fbfaed9", "level": "info"}
Running job "task_wrapper (trigger: interval[0:05:14.724754], next run at: 2025-09-18 00:44:47 CEST)" (scheduled at 2025-09-18 00:39:33.073728+02:00)
{"task": "derivatives_oi", "ts": "2025-09-17T22:39:33.082664Z", "event": "task_start", "timestamp": "2025-09-17T22:39:33.082664Z", "run_id": "4fbfaed9", "level": "info"}
{"symbol": "BTCUSDT", "event": "deriv_cache_hit", "timestamp": "2025-09-17T22:39:33.083664Z", "run_id": "4fbfaed9", "level": "info"}
{"task": "derivatives_oi", "event": "task_ok", "timestamp": "2025-09-17T22:39:33.084663Z", "run_id": "4fbfaed9", "level": "info"}
{"task": "derivatives_oi", "duration": 0.001999, "event": "task_end", "timestamp": "2025-09-17T22:39:33.084663Z", "run_id": "4fbfaed9", "level": "info"}
Job "task_wrapper (trigger: interval[0:05:14.724754], next run at: 2025-09-18 00:44:47 CEST)" executed successfully
{"alive": true, "rss_mb": 55.1, "cpu_percent": 0.0, "event": "heartbeat", "timestamp": "2025-09-17T22:40:05.047333Z", "run_id": "4fbfaed9", "level": "info"}
{"alive": true, "rss_mb": 55.1, "cpu_percent": 0.0, "event": "heartbeat", "timestamp": "2025-09-17T22:41:05.056996Z", "run_id": "4fbfaed9", "level": "info"}
{"alive": true, "rss_mb": 55.1, "cpu_percent": 0.0, "event": "heartbeat", "timestamp": "2025-09-17T22:42:05.065437Z", "run_id": "4fbfaed9", "level": "info"}
{"alive": true, "rss_mb": 55.1, "cpu_percent": 0.0, "event": "heartbeat", "timestamp": "2025-09-17T22:43:05.083542Z", "run_id": "4fbfaed9", "level": "info"}
Running job "task_wrapper (trigger: interval[0:04:45.540541], next run at: 2025-09-18 00:48:05 CEST)" (scheduled at 2025-09-18 00:43:20.238853+02:00)
{"task": "macro", "ts": "2025-09-17T22:43:20.265784Z", "event": "task_start", "timestamp": "2025-09-17T22:43:20.265784Z", "run_id": "4fbfaed9", "level": "info"}
{"symbol": "bitcoin", "event": "macro_cache_hit", "timestamp": "2025-09-17T22:43:20.266783Z", "run_id": "4fbfaed9", "level": "info"}
{"task": "macro", "event": "task_ok", "timestamp": "2025-09-17T22:43:20.267797Z", "run_id": "4fbfaed9", "level": "info"}
{"task": "macro", "duration": 0.003012, "event": "task_end", "timestamp": "2025-09-17T22:43:20.268796Z", "run_id": "4fbfaed9", "level": "info"}
Job "task_wrapper (trigger: interval[0:04:45.540541], next run at: 2025-09-18 00:48:05 CEST)" executed successfully
Running job "task_wrapper (trigger: interval[0:04:58.708099], next run at: 2025-09-18 00:48:58 CEST)" (scheduled at 2025-09-18 00:43:59.749525+02:00)
{"task": "derivatives_lsr", "ts": "2025-09-17T22:43:59.766341Z", "event": "task_start", "timestamp": "2025-09-17T22:43:59.766341Z", "run_id": "4fbfaed9", "level": "info"}
{"symbol": "BTCUSDT", "metric": "long_short_ratio", "event": "deriv_cache_hit", "timestamp": "2025-09-17T22:43:59.767337Z", "run_id": "4fbfaed9", "level": "info"}
{"task": "derivatives_lsr", "event": "task_ok", "timestamp": "2025-09-17T22:43:59.767337Z", "run_id": "4fbfaed9", "level": "info"}
{"task": "derivatives_lsr", "duration": 0.001994, "event": "task_end", "timestamp": "2025-09-17T22:43:59.768335Z", "run_id": "4fbfaed9", "level": "info"}
Job "task_wrapper (trigger: interval[0:04:58.708099], next run at: 2025-09-18 00:48:58 CEST)" executed successfully
{"alive": true, "rss_mb": 55.1, "cpu_percent": 0.0, "event": "heartbeat", "timestamp": "2025-09-17T22:44:05.095157Z", "run_id": "4fbfaed9", "level": "info"}
Running job "task_wrapper (trigger: interval[0:15:04.685969], next run at: 2025-09-18 00:59:12 CEST)" (scheduled at 2025-09-18 00:44:08.305213+02:00)
{"task": "defillama", "ts": "2025-09-17T22:44:08.310805Z", "event": "task_start", "timestamp": "2025-09-17T22:44:08.310805Z", "run_id": "4fbfaed9", "level": "info"}
{"chain": "ethereum", "event": "defillama_cache_hit", "timestamp": "2025-09-17T22:44:08.310805Z", "run_id": "4fbfaed9", "level": "info"}
{"task": "defillama", "event": "task_ok", "timestamp": "2025-09-17T22:44:08.311803Z", "run_id": "4fbfaed9", "level": "info"}
{"task": "defillama", "duration": 0.000998, "event": "task_end", "timestamp": "2025-09-17T22:44:08.311803Z", "run_id": "4fbfaed9", "level": "info"}
Job "task_wrapper (trigger: interval[0:15:04.685969], next run at: 2025-09-18 00:59:12 CEST)" executed successfully
Running job "task_wrapper (trigger: interval[0:05:14.724754], next run at: 2025-09-18 00:50:02 CEST)" (scheduled at 2025-09-18 00:44:47.798482+02:00)
{"task": "derivatives_oi", "ts": "2025-09-17T22:44:47.807020Z", "event": "task_start", "timestamp": "2025-09-17T22:44:47.807020Z", "run_id": "4fbfaed9", "level": "info"}
{"symbol": "BTCUSDT", "event": "deriv_cache_hit", "timestamp": "2025-09-17T22:44:47.808012Z", "run_id": "4fbfaed9", "level": "info"}
{"task": "derivatives_oi", "event": "task_ok", "timestamp": "2025-09-17T22:44:47.809015Z", "run_id": "4fbfaed9", "level": "info"}
{"task": "derivatives_oi", "duration": 0.001995, "event": "task_end", "timestamp": "2025-09-17T22:44:47.809015Z", "run_id": "4fbfaed9", "level": "info"}
Job "task_wrapper (trigger: interval[0:05:14.724754], next run at: 2025-09-18 00:50:02 CEST)" executed successfully
{"alive": true, "rss_mb": 55.1, "cpu_percent": 0.0, "event": "heartbeat", "timestamp": "2025-09-17T22:45:05.098438Z", "run_id": "4fbfaed9", "level": "info"}
{"alive": true, "rss_mb": 55.1, "cpu_percent": 0.0, "event": "heartbeat", "timestamp": "2025-09-17T22:46:05.115174Z", "run_id": "4fbfaed9", "level": "info"}
{"alive": true, "rss_mb": 55.1, "cpu_percent": 0.0, "event": "heartbeat", "timestamp": "2025-09-17T22:47:05.127293Z", "run_id": "4fbfaed9", "level": "info"}
{"alive": true, "rss_mb": 55.1, "cpu_percent": 0.0, "event": "heartbeat", "timestamp": "2025-09-17T22:48:05.136882Z", "run_id": "4fbfaed9", "level": "info"}
Running job "task_wrapper (trigger: interval[0:04:45.540541], next run at: 2025-09-18 00:52:51 CEST)" (scheduled at 2025-09-18 00:48:05.779394+02:00)
{"task": "macro", "ts": "2025-09-17T22:48:05.873497Z", "event": "task_start", "timestamp": "2025-09-17T22:48:05.873497Z", "run_id": "4fbfaed9", "level": "info"}
{"symbol": "bitcoin", "event": "macro_cache_hit", "timestamp": "2025-09-17T22:48:05.925053Z", "run_id": "4fbfaed9", "level": "info"}
{"task": "macro", "event": "task_ok", "timestamp": "2025-09-17T22:48:05.988049Z", "run_id": "4fbfaed9", "level": "info"}
{"task": "macro", "duration": 0.135585, "event": "task_end", "timestamp": "2025-09-17T22:48:06.009082Z", "run_id": "4fbfaed9", "level": "info"}
Job "task_wrapper (trigger: interval[0:04:45.540541], next run at: 2025-09-18 00:52:51 CEST)" executed successfully
Running job "task_wrapper (trigger: interval[0:04:58.708099], next run at: 2025-09-18 00:53:57 CEST)" (scheduled at 2025-09-18 00:48:58.457624+02:00)
{"task": "derivatives_lsr", "ts": "2025-09-17T22:48:58.471563Z", "event": "task_start", "timestamp": "2025-09-17T22:48:58.471563Z", "run_id": "4fbfaed9", "level": "info"}
{"symbol": "BTCUSDT", "metric": "long_short_ratio", "event": "deriv_cache_hit", "timestamp": "2025-09-17T22:48:58.473556Z", "run_id": "4fbfaed9", "level": "info"}
{"task": "derivatives_lsr", "event": "task_ok", "timestamp": "2025-09-17T22:48:58.474558Z", "run_id": "4fbfaed9", "level": "info"}
{"task": "derivatives_lsr", "duration": 0.002995, "event": "task_end", "timestamp": "2025-09-17T22:48:58.474558Z", "run_id": "4fbfaed9", "level": "info"}
Job "task_wrapper (trigger: interval[0:04:58.708099], next run at: 2025-09-18 00:53:57 CEST)" executed successfully
{"alive": true, "rss_mb": 55.1, "cpu_percent": 0.0, "event": "heartbeat", "timestamp": "2025-09-17T22:49:05.144674Z", "run_id": "4fbfaed9", "level": "info"}
